// Jest Snapshot v1, https://goo.gl/fbAQLP

exports[`Insights Integration GET /insights/:courseId/:insightName returns the correct insights data 1`] = `
Object {
  "component": "SimpleDisplay",
  "description": "How many questions have been asked in total?",
  "displayName": "Total Questions",
  "output": 6,
  "roles": Array [
    "professor",
  ],
  "size": "small",
}
`;
