// Jest Snapshot v1, https://goo.gl/fbAQLP

exports[`Profile Integration GET /profile returns the logged-in user profile 1`] = `
Object {
  "courses": Array [
    Object {
      "course": Object {
        "id": 1,
        "name": "CS 2500",
      },
      "role": "student",
    },
  ],
  "desktopNotifs": Array [],
  "desktopNotifsEnabled": false,
  "email": "user@neu.edu",
  "firstName": "User",
  "id": 1,
  "insights": null,
  "lastName": null,
  "name": "User",
  "phoneNotifsEnabled": false,
  "photoURL": null,
}
`;
