// Jest Snapshot v1, https://goo.gl/fbAQLP

exports[`Queue Integration GET /queues/:id get a queue 1`] = `
Object {
  "id": 2,
  "notes": null,
  "queueSize": 1,
  "room": "WVH 101",
  "staffList": Array [],
}
`;

exports[`Queue Integration GET /queues/:id/questions returns questions in the queue 1`] = `
Array [
  Object {
    "closedAt": null,
    "createdAt": "2020-03-01T05:00:00.000Z",
    "creator": Object {
      "email": "user2@neu.edu",
      "id": 1,
      "name": "John Doe the 2th",
      "photoURL": "https://pics/2",
    },
    "helpedAt": null,
    "id": 1,
    "isOnline": null,
    "location": null,
    "questionType": "Other",
    "status": "Queued",
    "taHelped": null,
    "text": "in queue",
  },
]
`;
