// Jest Snapshot v1, https://goo.gl/fbAQLP

exports[`Queue Integration GET /queues/:id get a queue 1`] = `
Object {
  "id": 2,
  "queueSize": 1,
  "room": "WVH 2",
  "staffList": Array [
    Object {
      "id": 54,
      "name": "Will Stenzel",
      "photoURL": "https://prod-web.neu.edu/wasapp/EnterprisePhotoService/PhotoServlet?vid=CCS&er=24f4b12cccbf875c7740bbfed45a993900cf0d08d11aa07c84780b3a3501f3bacca4eb33ed5effee8aa2dd195750cfbc9884dd5f2ac62c8f",
    },
    Object {
      "id": 42,
      "name": "Grisha Zaytsev",
      "photoURL": "https://prod-web.neu.edu/wasapp/EnterprisePhotoService/PhotoServlet?vid=CCS&er=471f2d695fbb8a00ee740ad3ea910453986aec81ddaecf889ae98b3a1858597b12650afd0d4e59c561172f76cb1946eec217ed89bd4074c0",
    },
  ],
}
`;

exports[`Queue Integration GET /queues/:id/questions returns questions in the queue 1`] = `
Array [
  Object {
    "closedAt": null,
    "createdAt": "2020-07-05T01:55:48.706Z",
    "creator": Object {
      "id": 1,
      "name": "John Doe the 2th",
      "photoURL": "https://pics/2",
    },
    "helpedAt": null,
    "id": 1,
    "questionType": "Other",
    "status": "Queued",
    "taHelped": null,
    "text": "in queue",
  },
]
`;
